[slimhamdi.net/tunis/demos/dark.html]
[backblue.gif]
[fade.gif]
[index.html]
[slimhamdi.net/tunis/demos/css/bootstrap.min.css]
[slimhamdi.net/tunis/demos/css/component.css]
[slimhamdi.net/tunis/demos/css/circle.css]
[slimhamdi.net/tunis/demos/css/font-awesome.min.css]
[slimhamdi.net/tunis/demos/css/style.css]
[slimhamdi.net/tunis/demos/css/skins/yellow.css]
[slimhamdi.net/tunis/demos/css/skins/blue.css]
[slimhamdi.net/tunis/demos/css/skins/green.css]
[slimhamdi.net/tunis/demos/css/skins/blueviolet.css]
[slimhamdi.net/tunis/demos/css/skins/goldenrod.css]
[slimhamdi.net/tunis/demos/css/skins/magenta.css]
[slimhamdi.net/tunis/demos/css/skins/orange.css]
[slimhamdi.net/tunis/demos/css/skins/purple.css]
[slimhamdi.net/tunis/demos/css/skins/red.css]
[slimhamdi.net/tunis/demos/css/skins/yellowgreen.css]
[slimhamdi.net/tunis/demos/css/styleswitcher.css]
[slimhamdi.net/tunis/demos/js/modernizr.min.js]
[slimhamdi.net/tunis/demos/img/styleswitcher/purple.png]
[slimhamdi.net/tunis/demos/img/styleswitcher/red.png]
[slimhamdi.net/tunis/demos/img/styleswitcher/blueviolet.png]
[slimhamdi.net/tunis/demos/img/styleswitcher/blue.png]
[slimhamdi.net/tunis/demos/img/styleswitcher/goldenrod.png]
[slimhamdi.net/tunis/demos/img/styleswitcher/magenta.png]
[slimhamdi.net/tunis/demos/img/styleswitcher/yellowgreen.png]
[slimhamdi.net/tunis/demos/img/styleswitcher/orange.png]
[slimhamdi.net/tunis/demos/img/styleswitcher/green.png]
[slimhamdi.net/tunis/demos/img/styleswitcher/yellow.png]
[slimhamdi.net/tunis/demos/img/dark.jpg]
[slimhamdi.net/tunis/demos/img/img-mobile.jpg]
[slimhamdi.net/tunis/demos/img/projects/project-1.jpg]
[slimhamdi.net/tunis/demos/img/projects/project-2.jpg]
[slimhamdi.net/tunis/demos/img/projects/project-3.jpg]
[slimhamdi.net/tunis/demos/img/projects/project-4.jpg]
[slimhamdi.net/tunis/demos/img/projects/project-5.jpg]
[slimhamdi.net/tunis/demos/img/projects/project-6.jpg]
[slimhamdi.net/tunis/demos/img/projects/project-7.jpg]
[slimhamdi.net/tunis/demos/img/projects/project-8.jpg]
[slimhamdi.net/tunis/demos/img/projects/project-9.jpg]
[slimhamdi.net/tunis/demos/img/projects/video.mp4]
[slimhamdi.net/tunis/demos/img/projects/navigation/left-arrow.png]
[slimhamdi.net/tunis/demos/img/projects/navigation/right-arrow.png]
[slimhamdi.net/tunis/demos/img/projects/navigation/close-button.png]
[slimhamdi.net/tunis/demos/blog-post-dark.html]
[slimhamdi.net/tunis/demos/img/blog/blog-post-1.jpg]
[slimhamdi.net/tunis/demos/img/blog/blog-post-2.jpg]
[slimhamdi.net/tunis/demos/img/blog/blog-post-3.jpg]
[slimhamdi.net/tunis/demos/img/blog/blog-post-4.jpg]
[slimhamdi.net/tunis/demos/img/blog/blog-post-5.jpg]
[slimhamdi.net/tunis/demos/img/blog/blog-post-6.jpg]
[slimhamdi.net/tunis/demos/js/jquery-3.7.1.min.js]
[slimhamdi.net/tunis/demos/js/styleswitcher.js]
[slimhamdi.net/tunis/demos/js/imagesloaded.pkgd.min.js]
[slimhamdi.net/tunis/demos/js/masonry.pkgd.min.js]
[slimhamdi.net/tunis/demos/js/classie.js]
[slimhamdi.net/tunis/demos/js/main.js]
[slimhamdi.net/tunis/demos/js/cbpGridGallery.js]
[slimhamdi.net/tunis/demos/js/jquery.hoverdir.js]
[slimhamdi.net/tunis/demos/js/bootstrap.js]
[slimhamdi.net/tunis/demos/js/popper.min.js]
[slimhamdi.net/tunis/demos/js/menu.js]
[slimhamdi.net/tunis/demos/js/custom.js]
[slimhamdi.net/tunis/demos/dark.html]
[slimhamdi.net/tunis/demos/css/bootstrap.min.css]
[slimhamdi.net/tunis/demos/css/component.css]
[slimhamdi.net/tunis/demos/css/circle.css]
[slimhamdi.net/tunis/demos/fonts/fontawesome-webfont3e6e.eot]
[slimhamdi.net/tunis/demos/fonts/fontawesome-webfontd41d.eot]
[slimhamdi.net/tunis/demos/fonts/fontawesome-webfont3e6e.woff]
[slimhamdi.net/tunis/demos/fonts/fontawesome-webfont3e6e.ttf]
[slimhamdi.net/tunis/demos/css/font-awesome.min.css]
[slimhamdi.net/tunis/demos/css/style.css]
[slimhamdi.net/tunis/demos/css/skins/yellow.css]
[slimhamdi.net/tunis/demos/css/skins/blue.css]
[slimhamdi.net/tunis/demos/css/skins/green.css]
[slimhamdi.net/tunis/demos/css/skins/blueviolet.css]
[slimhamdi.net/tunis/demos/css/skins/goldenrod.css]
[slimhamdi.net/tunis/demos/css/skins/magenta.css]
[slimhamdi.net/tunis/demos/css/skins/orange.css]
[slimhamdi.net/tunis/demos/css/skins/purple.css]
[slimhamdi.net/tunis/demos/css/skins/red.css]
[slimhamdi.net/tunis/demos/css/skins/yellowgreen.css]
[slimhamdi.net/tunis/demos/css/styleswitcher.css]
[slimhamdi.net/tunis/demos/blog-post-dark.html]
[slimhamdi.net/tunis/demos/fonts/fontawesome-webfont3e6e.html]
[slimhamdi.net/tunis/demos/fonts/fontawesome-webfont3e6e.svg]
